9.1s 1 0.00s - Debugger warning: It seems that frozen modules are being used, which may
9.1s 2 0.00s - make the debugger miss breakpoints. Please pass -Xfrozen_modules=off
9.1s 3 0.00s - to python to disable frozen modules.
9.1s 4 0.00s - Note: Debugging will proceed. Set PYDEVD_DISABLE_FILE_VALIDATION=1 to disable this validation.
10.0s 5 0.00s - Debugger warning: It seems that frozen modules are being used, which may
10.0s 6 0.00s - make the debugger miss breakpoints. Please pass -Xfrozen_modules=off
10.0s 7 0.00s - to python to disable frozen modules.
10.0s 8 0.00s - Note: Debugging will proceed. Set PYDEVD_DISABLE_FILE_VALIDATION=1 to disable this validation.
18.8s 9 Using competition data from: /kaggle/input/competitions/playground-series-s6e8
22.9s 10 train=691,369, test=296,302, base_features=38, xgb_device=cpu
23.5s 11 
23.5s 12 ===== fold 1/5: native model =====
25.7s 13 Training until validation scores don't improve for 150 rounds
40.1s 14 [200]	valid_0's auc: 0.951975	valid_0's binary_logloss: 0.253951
54.0s 15 [400]	valid_0's auc: 0.957957	valid_0's binary_logloss: 0.237847
66.1s 16 [600]	valid_0's auc: 0.960156	valid_0's binary_logloss: 0.231588
76.8s 17 [800]	valid_0's auc: 0.961078	valid_0's binary_logloss: 0.228807
87.0s 18 [1000]	valid_0's auc: 0.961605	valid_0's binary_logloss: 0.227216
97.3s 19 [1200]	valid_0's auc: 0.962045	valid_0's binary_logloss: 0.225827
107.4s 20 [1400]	valid_0's auc: 0.962391	valid_0's binary_logloss: 0.224718
117.1s 21 [1600]	valid_0's auc: 0.962606	valid_0's binary_logloss: 0.224002
126.7s 22 [1800]	valid_0's auc: 0.962769	valid_0's binary_logloss: 0.223472
136.3s 23 [2000]	valid_0's auc: 0.962893	valid_0's binary_logloss: 0.223039
145.8s 24 [2200]	valid_0's auc: 0.963004	valid_0's binary_logloss: 0.222662
155.4s 25 [2400]	valid_0's auc: 0.96309	valid_0's binary_logloss: 0.222359
164.8s 26 [2600]	valid_0's auc: 0.963144	valid_0's binary_logloss: 0.222149
174.3s 27 [2800]	valid_0's auc: 0.963222	valid_0's binary_logloss: 0.221896
183.8s 28 [3000]	valid_0's auc: 0.963267	valid_0's binary_logloss: 0.221725
183.8s 29 Did not meet early stopping. Best iteration is:
183.8s 30 [2990]	valid_0's auc: 0.963269	valid_0's binary_logloss: 0.22172
224.7s 31 ===== fold 1/5: semantic imputation =====
225.1s 32 fitting imputer: daily_screen_time_hours
235.2s 33 fitting imputer: weekend_screen_time
244.9s 34 fitting imputer: social_media_hours
254.8s 35 fitting imputer: gaming_hours
264.8s 36 fitting imputer: work_study_hours
287.2s 37 ===== fold 1/5: semantic model =====
290.2s 38 Training until validation scores don't improve for 200 rounds
312.2s 39 [200]	valid_0's auc: 0.952993	valid_0's binary_logloss: 0.250744
332.7s 40 [400]	valid_0's auc: 0.959114	valid_0's binary_logloss: 0.234468
349.8s 41 [600]	valid_0's auc: 0.96089	valid_0's binary_logloss: 0.229365
365.0s 42 [800]	valid_0's auc: 0.961649	valid_0's binary_logloss: 0.227083
379.5s 43 [1000]	valid_0's auc: 0.962207	valid_0's binary_logloss: 0.22541
394.0s 44 [1200]	valid_0's auc: 0.962554	valid_0's binary_logloss: 0.224331
408.3s 45 [1400]	valid_0's auc: 0.962878	valid_0's binary_logloss: 0.223307
422.5s 46 [1600]	valid_0's auc: 0.963114	valid_0's binary_logloss: 0.222543
436.2s 47 [1800]	valid_0's auc: 0.963305	valid_0's binary_logloss: 0.22192
449.7s 48 [2000]	valid_0's auc: 0.963426	valid_0's binary_logloss: 0.2215
463.2s 49 [2200]	valid_0's auc: 0.963503	valid_0's binary_logloss: 0.221224
476.7s 50 [2400]	valid_0's auc: 0.96358	valid_0's binary_logloss: 0.220948
490.1s 51 [2600]	valid_0's auc: 0.963632	valid_0's binary_logloss: 0.220755
503.7s 52 [2800]	valid_0's auc: 0.963683	valid_0's binary_logloss: 0.220566
517.1s 53 [3000]	valid_0's auc: 0.963712	valid_0's binary_logloss: 0.220446
530.1s 54 [3200]	valid_0's auc: 0.963731	valid_0's binary_logloss: 0.220356
543.3s 55 [3400]	valid_0's auc: 0.963754	valid_0's binary_logloss: 0.220247
556.4s 56 [3600]	valid_0's auc: 0.963789	valid_0's binary_logloss: 0.220121
569.5s 57 [3800]	valid_0's auc: 0.963806	valid_0's binary_logloss: 0.220048
582.9s 58 [4000]	valid_0's auc: 0.963811	valid_0's binary_logloss: 0.220022
596.2s 59 [4200]	valid_0's auc: 0.963835	valid_0's binary_logloss: 0.219931
609.2s 60 [4400]	valid_0's auc: 0.96381	valid_0's binary_logloss: 0.219991
609.2s 61 Early stopping, best iteration is:
609.2s 62 [4200]	valid_0's auc: 0.963835	valid_0's binary_logloss: 0.219931
662.9s 63 ===== fold 1/5: semantic XGBoost =====
667.8s 64 [0]	validation_0-auc:0.93509
709.6s 65 [200]	validation_0-auc:0.94802
747.0s 66 [400]	validation_0-auc:0.95620
784.3s 67 [600]	validation_0-auc:0.96008
820.9s 68 [800]	validation_0-auc:0.96189
857.1s 69 [1000]	validation_0-auc:0.96278
893.6s 70 [1200]	validation_0-auc:0.96331
929.8s 71 [1400]	validation_0-auc:0.96364
966.3s 72 [1600]	validation_0-auc:0.96388
1002.5s 73 [1800]	validation_0-auc:0.96405
1038.6s 74 [2000]	validation_0-auc:0.96413
1074.8s 75 [2200]	validation_0-auc:0.96419
1111.2s 76 [2400]	validation_0-auc:0.96426
1147.7s 77 [2600]	validation_0-auc:0.96429
1184.2s 78 [2800]	validation_0-auc:0.96431
1204.6s 79 [2912]	validation_0-auc:0.96432
1225.5s 80 ===== fold 1/5: missing-mask augmentation =====
1235.5s 81 [0]	validation_0-auc:0.93476
1285.1s 82 [200]	validation_0-auc:0.94837
1328.8s 83 [400]	validation_0-auc:0.95655
1371.9s 84 [600]	validation_0-auc:0.96017
1414.5s 85 [800]	validation_0-auc:0.96183
1456.6s 86 [1000]	validation_0-auc:0.96271
1499.0s 87 [1200]	validation_0-auc:0.96323
1541.3s 88 [1400]	validation_0-auc:0.96360
1583.3s 89 [1600]	validation_0-auc:0.96382
1625.2s 90 [1800]	validation_0-auc:0.96401
1667.4s 91 [2000]	validation_0-auc:0.96413
1709.3s 92 [2200]	validation_0-auc:0.96423
1751.4s 93 [2400]	validation_0-auc:0.96430
1793.5s 94 [2600]	validation_0-auc:0.96433
1835.2s 95 [2800]	validation_0-auc:0.96437
1876.9s 96 [3000]	validation_0-auc:0.96442
1918.8s 97 [3200]	validation_0-auc:0.96443
1961.1s 98 [3400]	validation_0-auc:0.96442
1966.4s 99 [3426]	validation_0-auc:0.96442
1991.5s 100 fold 1: native_auc=0.9632694, semantic_auc=0.9638352, xgb_auc=0.9643242, robust_auc=0.9644326, delta=+0.0001084
1991.9s 101 
1991.9s 102 ===== fold 2/5: native model =====
1994.0s 103 Training until validation scores don't improve for 150 rounds
2008.3s 104 [200]	valid_0's auc: 0.953258	valid_0's binary_logloss: 0.251007
2022.5s 105 [400]	valid_0's auc: 0.959248	valid_0's binary_logloss: 0.234656
2034.4s 106 [600]	valid_0's auc: 0.961307	valid_0's binary_logloss: 0.228751
2045.2s 107 [800]	valid_0's auc: 0.962451	valid_0's binary_logloss: 0.225319
2055.6s 108 [1000]	valid_0's auc: 0.96298	valid_0's binary_logloss: 0.223662
2065.9s 109 [1200]	valid_0's auc: 0.963237	valid_0's binary_logloss: 0.222798
2076.0s 110 [1400]	valid_0's auc: 0.96353	valid_0's binary_logloss: 0.221834
2085.8s 111 [1600]	valid_0's auc: 0.963838	valid_0's binary_logloss: 0.220822
2095.5s 112 [1800]	valid_0's auc: 0.963988	valid_0's binary_logloss: 0.220307
2105.1s 113 [2000]	valid_0's auc: 0.964144	valid_0's binary_logloss: 0.219765
2114.6s 114 [2200]	valid_0's auc: 0.964278	valid_0's binary_logloss: 0.219294
2124.2s 115 [2400]	valid_0's auc: 0.964372	valid_0's binary_logloss: 0.218945
2133.6s 116 [2600]	valid_0's auc: 0.964432	valid_0's binary_logloss: 0.2187
2143.0s 117 [2800]	valid_0's auc: 0.964476	valid_0's binary_logloss: 0.218506
2152.4s 118 [3000]	valid_0's auc: 0.964521	valid_0's binary_logloss: 0.218325
2152.4s 119 Did not meet early stopping. Best iteration is:
2152.4s 120 [2996]	valid_0's auc: 0.964522	valid_0's binary_logloss: 0.218324
2193.5s 121 ===== fold 2/5: semantic imputation =====
2193.8s 122 fitting imputer: daily_screen_time_hours
2203.8s 123 fitting imputer: weekend_screen_time
2213.1s 124 fitting imputer: social_media_hours
2223.3s 125 fitting imputer: gaming_hours
2233.0s 126 fitting imputer: work_study_hours
2255.1s 127 ===== fold 2/5: semantic model =====
2258.1s 128 Training until validation scores don't improve for 200 rounds
2280.0s 129 [200]	valid_0's auc: 0.954571	valid_0's binary_logloss: 0.247082
2300.4s 130 [400]	valid_0's auc: 0.960133	valid_0's binary_logloss: 0.231992
2317.9s 131 [600]	valid_0's auc: 0.962273	valid_0's binary_logloss: 0.225848
2333.3s 132 [800]	valid_0's auc: 0.963116	valid_0's binary_logloss: 0.223275
2348.2s 133 [1000]	valid_0's auc: 0.963641	valid_0's binary_logloss: 0.221649
2362.9s 134 [1200]	valid_0's auc: 0.963933	valid_0's binary_logloss: 0.22069
2377.2s 135 [1400]	valid_0's auc: 0.964268	valid_0's binary_logloss: 0.219577
2391.2s 136 [1600]	valid_0's auc: 0.964453	valid_0's binary_logloss: 0.218955
2405.3s 137 [1800]	valid_0's auc: 0.964632	valid_0's binary_logloss: 0.218341
2418.8s 138 [2000]	valid_0's auc: 0.964774	valid_0's binary_logloss: 0.217842
2432.4s 139 [2200]	valid_0's auc: 0.964862	valid_0's binary_logloss: 0.217513
2445.4s 140 [2400]	valid_0's auc: 0.964948	valid_0's binary_logloss: 0.217185
2459.0s 141 [2600]	valid_0's auc: 0.965014	valid_0's binary_logloss: 0.216924
2472.4s 142 [2800]	valid_0's auc: 0.965051	valid_0's binary_logloss: 0.216763
2485.6s 143 [3000]	valid_0's auc: 0.965075	valid_0's binary_logloss: 0.216645
2498.6s 144 [3200]	valid_0's auc: 0.965088	valid_0's binary_logloss: 0.216561
2511.7s 145 [3400]	valid_0's auc: 0.965112	valid_0's binary_logloss: 0.216448
2524.9s 146 [3600]	valid_0's auc: 0.965138	valid_0's binary_logloss: 0.216332
2538.3s 147 [3800]	valid_0's auc: 0.965175	valid_0's binary_logloss: 0.216184
2551.3s 148 [4000]	valid_0's auc: 0.965176	valid_0's binary_logloss: 0.216148
2556.5s 149 Early stopping, best iteration is:
2556.5s 150 [3882]	valid_0's auc: 0.965184	valid_0's binary_logloss: 0.216143
2606.7s 151 ===== fold 2/5: semantic XGBoost =====
2611.5s 152 [0]	validation_0-auc:0.93549
2653.2s 153 [200]	validation_0-auc:0.94908
2690.7s 154 [400]	validation_0-auc:0.95741
2728.2s 155 [600]	validation_0-auc:0.96146
2765.2s 156 [800]	validation_0-auc:0.96320
2802.1s 157 [1000]	validation_0-auc:0.96408
2839.3s 158 [1200]	validation_0-auc:0.96461
2875.9s 159 [1400]	validation_0-auc:0.96495
2912.6s 160 [1600]	validation_0-auc:0.96518
2949.0s 161 [1800]	validation_0-auc:0.96536
2985.8s 162 [2000]	validation_0-auc:0.96552
3022.4s 163 [2200]	validation_0-auc:0.96560
3059.1s 164 [2400]	validation_0-auc:0.96566
3096.2s 165 [2600]	validation_0-auc:0.96571
3132.9s 166 [2800]	validation_0-auc:0.96573
3169.9s 167 [3000]	validation_0-auc:0.96574
3202.6s 168 [3178]	validation_0-auc:0.96572
3225.5s 169 ===== fold 2/5: missing-mask augmentation =====
3235.6s 170 [0]	validation_0-auc:0.93549
3289.3s 171 [200]	validation_0-auc:0.94896
3336.8s 172 [400]	validation_0-auc:0.95727
3384.3s 173 [600]	validation_0-auc:0.96127
3431.5s 174 [800]	validation_0-auc:0.96310
3478.1s 175 [1000]	validation_0-auc:0.96406
3524.4s 176 [1200]	validation_0-auc:0.96464
3571.0s 177 [1400]	validation_0-auc:0.96499
3617.9s 178 [1600]	validation_0-auc:0.96519
3664.2s 179 [1800]	validation_0-auc:0.96533
3710.9s 180 [2000]	validation_0-auc:0.96550
3756.9s 181 [2200]	validation_0-auc:0.96558
3803.4s 182 [2400]	validation_0-auc:0.96565
3850.1s 183 [2600]	validation_0-auc:0.96571
3896.6s 184 [2800]	validation_0-auc:0.96575
3943.7s 185 [3000]	validation_0-auc:0.96575
3973.8s 186 [3128]	validation_0-auc:0.96576
3996.5s 187 fold 2: native_auc=0.9645217, semantic_auc=0.9651841, xgb_auc=0.9657477, robust_auc=0.9657635, delta=+0.0000158
3996.9s 188 
3996.9s 189 ===== fold 3/5: native model =====
3999.0s 190 Training until validation scores don't improve for 150 rounds
4013.1s 191 [200]	valid_0's auc: 0.9534	valid_0's binary_logloss: 0.250794
4026.3s 192 [400]	valid_0's auc: 0.959366	valid_0's binary_logloss: 0.234483
4037.9s 193 [600]	valid_0's auc: 0.961442	valid_0's binary_logloss: 0.228464
4048.3s 194 [800]	valid_0's auc: 0.962297	valid_0's binary_logloss: 0.225855
4058.4s 195 [1000]	valid_0's auc: 0.962867	valid_0's binary_logloss: 0.224081
4068.3s 196 [1200]	valid_0's auc: 0.963338	valid_0's binary_logloss: 0.222558
4078.0s 197 [1400]	valid_0's auc: 0.963663	valid_0's binary_logloss: 0.221514
4087.6s 198 [1600]	valid_0's auc: 0.963983	valid_0's binary_logloss: 0.220457
4097.0s 199 [1800]	valid_0's auc: 0.964171	valid_0's binary_logloss: 0.219818
4106.4s 200 [2000]	valid_0's auc: 0.964323	valid_0's binary_logloss: 0.219288
4115.6s 201 [2200]	valid_0's auc: 0.964452	valid_0's binary_logloss: 0.218819
4124.8s 202 [2400]	valid_0's auc: 0.964524	valid_0's binary_logloss: 0.218539
4134.0s 203 [2600]	valid_0's auc: 0.964627	valid_0's binary_logloss: 0.218171
4143.2s 204 [2800]	valid_0's auc: 0.964706	valid_0's binary_logloss: 0.217865
4152.2s 205 [3000]	valid_0's auc: 0.96472	valid_0's binary_logloss: 0.217773
4152.2s 206 Did not meet early stopping. Best iteration is:
4152.2s 207 [2983]	valid_0's auc: 0.964722	valid_0's binary_logloss: 0.217772
4193.5s 208 ===== fold 3/5: semantic imputation =====
4193.8s 209 fitting imputer: daily_screen_time_hours
4203.7s 210 fitting imputer: weekend_screen_time
4213.1s 211 fitting imputer: social_media_hours
4222.8s 212 fitting imputer: gaming_hours
4232.7s 213 fitting imputer: work_study_hours
4254.7s 214 ===== fold 3/5: semantic model =====
4257.7s 215 Training until validation scores don't improve for 200 rounds
4279.5s 216 [200]	valid_0's auc: 0.954706	valid_0's binary_logloss: 0.246757
4299.6s 217 [400]	valid_0's auc: 0.960408	valid_0's binary_logloss: 0.231249
4316.6s 218 [600]	valid_0's auc: 0.962272	valid_0's binary_logloss: 0.225804
4331.7s 219 [800]	valid_0's auc: 0.96314	valid_0's binary_logloss: 0.223195
4346.3s 220 [1000]	valid_0's auc: 0.963677	valid_0's binary_logloss: 0.221528
4360.7s 221 [1200]	valid_0's auc: 0.964104	valid_0's binary_logloss: 0.220156
4374.8s 222 [1400]	valid_0's auc: 0.964338	valid_0's binary_logloss: 0.219379
4388.9s 223 [1600]	valid_0's auc: 0.964597	valid_0's binary_logloss: 0.218515
4402.7s 224 [1800]	valid_0's auc: 0.964716	valid_0's binary_logloss: 0.218083
4416.3s 225 [2000]	valid_0's auc: 0.964835	valid_0's binary_logloss: 0.217655
4429.9s 226 [2200]	valid_0's auc: 0.964918	valid_0's binary_logloss: 0.21735
4443.6s 227 [2400]	valid_0's auc: 0.964994	valid_0's binary_logloss: 0.217057
4457.1s 228 [2600]	valid_0's auc: 0.965085	valid_0's binary_logloss: 0.216727
4470.5s 229 [2800]	valid_0's auc: 0.965145	valid_0's binary_logloss: 0.216484
4484.3s 230 [3000]	valid_0's auc: 0.965227	valid_0's binary_logloss: 0.216184
4497.7s 231 [3200]	valid_0's auc: 0.965277	valid_0's binary_logloss: 0.215984
4510.6s 232 [3400]	valid_0's auc: 0.965305	valid_0's binary_logloss: 0.215844
4524.3s 233 [3600]	valid_0's auc: 0.965349	valid_0's binary_logloss: 0.215668
4537.7s 234 [3800]	valid_0's auc: 0.965364	valid_0's binary_logloss: 0.215585
4550.9s 235 [4000]	valid_0's auc: 0.965381	valid_0's binary_logloss: 0.215494
4564.1s 236 [4200]	valid_0's auc: 0.965396	valid_0's binary_logloss: 0.215408
4577.1s 237 [4400]	valid_0's auc: 0.965389	valid_0's binary_logloss: 0.215389
4579.0s 238 Early stopping, best iteration is:
4579.0s 239 [4230]	valid_0's auc: 0.965399	valid_0's binary_logloss: 0.215397
4633.0s 240 ===== fold 3/5: semantic XGBoost =====
4637.8s 241 [0]	validation_0-auc:0.93602
4679.6s 242 [200]	validation_0-auc:0.94941
4716.9s 243 [400]	validation_0-auc:0.95775
4754.3s 244 [600]	validation_0-auc:0.96126
4791.2s 245 [800]	validation_0-auc:0.96297
4828.2s 246 [1000]	validation_0-auc:0.96400
4865.0s 247 [1200]	validation_0-auc:0.96454
4901.7s 248 [1400]	validation_0-auc:0.96497
4938.1s 249 [1600]	validation_0-auc:0.96524
4974.5s 250 [1800]	validation_0-auc:0.96543
5011.1s 251 [2000]	validation_0-auc:0.96557
5047.3s 252 [2200]	validation_0-auc:0.96566
5083.5s 253 [2400]	validation_0-auc:0.96575
5120.0s 254 [2600]	validation_0-auc:0.96579
5156.7s 255 [2800]	validation_0-auc:0.96582
5193.1s 256 [3000]	validation_0-auc:0.96583
5229.8s 257 [3200]	validation_0-auc:0.96584
5266.6s 258 [3400]	validation_0-auc:0.96584
5284.6s 259 [3499]	validation_0-auc:0.96585
5311.7s 260 ===== fold 3/5: missing-mask augmentation =====
5321.7s 261 [0]	validation_0-auc:0.93618
5370.8s 262 [200]	validation_0-auc:0.94918
5413.9s 263 [400]	validation_0-auc:0.95795
5456.9s 264 [600]	validation_0-auc:0.96131
5499.0s 265 [800]	validation_0-auc:0.96307
5541.3s 266 [1000]	validation_0-auc:0.96397
5582.8s 267 [1200]	validation_0-auc:0.96456
5624.8s 268 [1400]	validation_0-auc:0.96503
5666.5s 269 [1600]	validation_0-auc:0.96526
5708.1s 270 [1800]	validation_0-auc:0.96546
5749.9s 271 [2000]	validation_0-auc:0.96559
5792.0s 272 [2200]	validation_0-auc:0.96569
5833.0s 273 [2400]	validation_0-auc:0.96577
5874.5s 274 [2600]	validation_0-auc:0.96582
5916.5s 275 [2800]	validation_0-auc:0.96585
5957.9s 276 [3000]	validation_0-auc:0.96587
5992.1s 277 [3163]	validation_0-auc:0.96587
6015.0s 278 fold 3: native_auc=0.9647217, semantic_auc=0.9653989, xgb_auc=0.9658530, robust_auc=0.9658741, delta=+0.0000211
6015.4s 279 
6015.4s 280 ===== fold 4/5: native model =====
6017.5s 281 Training until validation scores don't improve for 150 rounds
6032.1s 282 [200]	valid_0's auc: 0.952482	valid_0's binary_logloss: 0.25276
6045.7s 283 [400]	valid_0's auc: 0.95853	valid_0's binary_logloss: 0.236429
6057.5s 284 [600]	valid_0's auc: 0.960497	valid_0's binary_logloss: 0.230795
6068.1s 285 [800]	valid_0's auc: 0.961445	valid_0's binary_logloss: 0.227981
6078.3s 286 [1000]	valid_0's auc: 0.962065	valid_0's binary_logloss: 0.226113
6088.4s 287 [1200]	valid_0's auc: 0.962389	valid_0's binary_logloss: 0.225095
6098.3s 288 [1400]	valid_0's auc: 0.962791	valid_0's binary_logloss: 0.223836
6107.9s 289 [1600]	valid_0's auc: 0.963054	valid_0's binary_logloss: 0.222976
6117.6s 290 [1800]	valid_0's auc: 0.963247	valid_0's binary_logloss: 0.222326
6127.1s 291 [2000]	valid_0's auc: 0.963387	valid_0's binary_logloss: 0.221861
6136.7s 292 [2200]	valid_0's auc: 0.963501	valid_0's binary_logloss: 0.22146
6146.0s 293 [2400]	valid_0's auc: 0.963613	valid_0's binary_logloss: 0.221073
6155.5s 294 [2600]	valid_0's auc: 0.963728	valid_0's binary_logloss: 0.220675
6164.9s 295 [2800]	valid_0's auc: 0.963806	valid_0's binary_logloss: 0.220405
6174.2s 296 [3000]	valid_0's auc: 0.963869	valid_0's binary_logloss: 0.220169
6174.2s 297 Did not meet early stopping. Best iteration is:
6174.2s 298 [3000]	valid_0's auc: 0.963869	valid_0's binary_logloss: 0.220169
6215.6s 299 ===== fold 4/5: semantic imputation =====
6215.9s 300 fitting imputer: daily_screen_time_hours
6225.8s 301 fitting imputer: weekend_screen_time
6235.2s 302 fitting imputer: social_media_hours
6244.8s 303 fitting imputer: gaming_hours
6254.6s 304 fitting imputer: work_study_hours
6276.4s 305 ===== fold 4/5: semantic model =====
6279.4s 306 Training until validation scores don't improve for 200 rounds
6301.3s 307 [200]	valid_0's auc: 0.95371	valid_0's binary_logloss: 0.248996
6321.6s 308 [400]	valid_0's auc: 0.959428	valid_0's binary_logloss: 0.233697
6338.7s 309 [600]	valid_0's auc: 0.961265	valid_0's binary_logloss: 0.228479
6353.7s 310 [800]	valid_0's auc: 0.962187	valid_0's binary_logloss: 0.225748
6368.4s 311 [1000]	valid_0's auc: 0.962873	valid_0's binary_logloss: 0.223686
6383.1s 312 [1200]	valid_0's auc: 0.963305	valid_0's binary_logloss: 0.22235
6397.2s 313 [1400]	valid_0's auc: 0.963691	valid_0's binary_logloss: 0.22111
6410.6s 314 [1600]	valid_0's auc: 0.963827	valid_0's binary_logloss: 0.220648
6424.5s 315 [1800]	valid_0's auc: 0.963952	valid_0's binary_logloss: 0.220222
6437.9s 316 [2000]	valid_0's auc: 0.964049	valid_0's binary_logloss: 0.219881
6451.4s 317 [2200]	valid_0's auc: 0.964124	valid_0's binary_logloss: 0.219579
6464.7s 318 [2400]	valid_0's auc: 0.96422	valid_0's binary_logloss: 0.219232
6477.8s 319 [2600]	valid_0's auc: 0.964279	valid_0's binary_logloss: 0.219013
6491.1s 320 [2800]	valid_0's auc: 0.964343	valid_0's binary_logloss: 0.218777
6504.4s 321 [3000]	valid_0's auc: 0.964384	valid_0's binary_logloss: 0.21861
6517.4s 322 [3200]	valid_0's auc: 0.964366	valid_0's binary_logloss: 0.218626
6517.9s 323 Early stopping, best iteration is:
6517.9s 324 [3007]	valid_0's auc: 0.964387	valid_0's binary_logloss: 0.218599
6558.2s 325 ===== fold 4/5: semantic XGBoost =====
6563.1s 326 [0]	validation_0-auc:0.93497
6605.2s 327 [200]	validation_0-auc:0.94827
6643.1s 328 [400]	validation_0-auc:0.95696
6680.6s 329 [600]	validation_0-auc:0.96069
6717.6s 330 [800]	validation_0-auc:0.96238
6754.3s 331 [1000]	validation_0-auc:0.96331
6791.0s 332 [1200]	validation_0-auc:0.96388
6827.7s 333 [1400]	validation_0-auc:0.96422
6864.8s 334 [1600]	validation_0-auc:0.96457
6901.6s 335 [1800]	validation_0-auc:0.96475
6938.3s 336 [2000]	validation_0-auc:0.96492
6975.4s 337 [2200]	validation_0-auc:0.96500
7012.4s 338 [2400]	validation_0-auc:0.96507
7049.2s 339 [2600]	validation_0-auc:0.96512
7086.1s 340 [2800]	validation_0-auc:0.96515
7115.8s 341 [2962]	validation_0-auc:0.96515
7137.2s 342 ===== fold 4/5: missing-mask augmentation =====
7147.3s 343 [0]	validation_0-auc:0.93500
7196.8s 344 [200]	validation_0-auc:0.94829
7240.4s 345 [400]	validation_0-auc:0.95676
7283.5s 346 [600]	validation_0-auc:0.96053
7325.9s 347 [800]	validation_0-auc:0.96234
7368.3s 348 [1000]	validation_0-auc:0.96330
7410.0s 349 [1200]	validation_0-auc:0.96389
7451.9s 350 [1400]	validation_0-auc:0.96427
7494.0s 351 [1600]	validation_0-auc:0.96454
7535.7s 352 [1800]	validation_0-auc:0.96473
7577.3s 353 [2000]	validation_0-auc:0.96486
7619.6s 354 [2200]	validation_0-auc:0.96495
7661.9s 355 [2400]	validation_0-auc:0.96502
7704.3s 356 [2600]	validation_0-auc:0.96506
7746.4s 357 [2800]	validation_0-auc:0.96512
7788.4s 358 [3000]	validation_0-auc:0.96515
7830.5s 359 [3200]	validation_0-auc:0.96514
7872.9s 360 [3400]	validation_0-auc:0.96516
7893.6s 361 [3499]	validation_0-auc:0.96515
7920.2s 362 fold 4: native_auc=0.9638688, semantic_auc=0.9643873, xgb_auc=0.9651546, robust_auc=0.9651617, delta=+0.0000071
7920.6s 363 
7920.6s 364 ===== fold 5/5: native model =====
7922.7s 365 Training until validation scores don't improve for 150 rounds
7936.8s 366 [200]	valid_0's auc: 0.951862	valid_0's binary_logloss: 0.253865
7950.4s 367 [400]	valid_0's auc: 0.957699	valid_0's binary_logloss: 0.238228
7962.1s 368 [600]	valid_0's auc: 0.959835	valid_0's binary_logloss: 0.232249
7972.7s 369 [800]	valid_0's auc: 0.960708	valid_0's binary_logloss: 0.229691
7982.8s 370 [1000]	valid_0's auc: 0.961275	valid_0's binary_logloss: 0.227988
7992.9s 371 [1200]	valid_0's auc: 0.961754	valid_0's binary_logloss: 0.226529
8003.0s 372 [1400]	valid_0's auc: 0.962066	valid_0's binary_logloss: 0.225564
8012.7s 373 [1600]	valid_0's auc: 0.962285	valid_0's binary_logloss: 0.224871
8022.3s 374 [1800]	valid_0's auc: 0.962474	valid_0's binary_logloss: 0.224267
8031.7s 375 [2000]	valid_0's auc: 0.962599	valid_0's binary_logloss: 0.223839
8040.8s 376 [2200]	valid_0's auc: 0.962722	valid_0's binary_logloss: 0.223438
8050.1s 377 [2400]	valid_0's auc: 0.962785	valid_0's binary_logloss: 0.223209
8059.4s 378 [2600]	valid_0's auc: 0.962846	valid_0's binary_logloss: 0.222992
8068.7s 379 [2800]	valid_0's auc: 0.962916	valid_0's binary_logloss: 0.222756
8077.9s 380 [3000]	valid_0's auc: 0.96296	valid_0's binary_logloss: 0.222583
8077.9s 381 Did not meet early stopping. Best iteration is:
8077.9s 382 [2998]	valid_0's auc: 0.962962	valid_0's binary_logloss: 0.22258
8119.4s 383 ===== fold 5/5: semantic imputation =====
8119.8s 384 fitting imputer: daily_screen_time_hours
8129.9s 385 fitting imputer: weekend_screen_time
8139.2s 386 fitting imputer: social_media_hours
8148.9s 387 fitting imputer: gaming_hours
8158.6s 388 fitting imputer: work_study_hours
8180.3s 389 ===== fold 5/5: semantic model =====
8183.3s 390 Training until validation scores don't improve for 200 rounds
8204.9s 391 [200]	valid_0's auc: 0.953006	valid_0's binary_logloss: 0.250437
8225.1s 392 [400]	valid_0's auc: 0.958662	valid_0's binary_logloss: 0.235386
8242.1s 393 [600]	valid_0's auc: 0.960611	valid_0's binary_logloss: 0.229921
8257.2s 394 [800]	valid_0's auc: 0.961485	valid_0's binary_logloss: 0.227372
8271.8s 395 [1000]	valid_0's auc: 0.961978	valid_0's binary_logloss: 0.225894
8286.4s 396 [1200]	valid_0's auc: 0.962449	valid_0's binary_logloss: 0.224453
8300.5s 397 [1400]	valid_0's auc: 0.962721	valid_0's binary_logloss: 0.223596
8314.4s 398 [1600]	valid_0's auc: 0.962911	valid_0's binary_logloss: 0.222983
8328.3s 399 [1800]	valid_0's auc: 0.963103	valid_0's binary_logloss: 0.222375
8342.0s 400 [2000]	valid_0's auc: 0.963234	valid_0's binary_logloss: 0.22194
8355.2s 401 [2200]	valid_0's auc: 0.963333	valid_0's binary_logloss: 0.22159
8368.7s 402 [2400]	valid_0's auc: 0.963433	valid_0's binary_logloss: 0.221248
8381.9s 403 [2600]	valid_0's auc: 0.963509	valid_0's binary_logloss: 0.220982
8395.0s 404 [2800]	valid_0's auc: 0.963565	valid_0's binary_logloss: 0.220786
8408.0s 405 [3000]	valid_0's auc: 0.963603	valid_0's binary_logloss: 0.220648
8420.9s 406 [3200]	valid_0's auc: 0.963642	valid_0's binary_logloss: 0.220507
8434.2s 407 [3400]	valid_0's auc: 0.963671	valid_0's binary_logloss: 0.220395
8447.3s 408 [3600]	valid_0's auc: 0.96369	valid_0's binary_logloss: 0.22032
8460.2s 409 [3800]	valid_0's auc: 0.96372	valid_0's binary_logloss: 0.220212
8473.0s 410 [4000]	valid_0's auc: 0.963734	valid_0's binary_logloss: 0.220157
8483.0s 411 Early stopping, best iteration is:
8483.0s 412 [3954]	valid_0's auc: 0.963741	valid_0's binary_logloss: 0.220137
8534.2s 413 ===== fold 5/5: semantic XGBoost =====
8538.7s 414 [0]	validation_0-auc:0.93478
8581.0s 415 [200]	validation_0-auc:0.94769
8618.7s 416 [400]	validation_0-auc:0.95606
8656.2s 417 [600]	validation_0-auc:0.95975
8693.3s 418 [800]	validation_0-auc:0.96155
8730.1s 419 [1000]	validation_0-auc:0.96244
8766.5s 420 [1200]	validation_0-auc:0.96295
8802.9s 421 [1400]	validation_0-auc:0.96327
8839.3s 422 [1600]	validation_0-auc:0.96356
8875.9s 423 [1800]	validation_0-auc:0.96373
8912.8s 424 [2000]	validation_0-auc:0.96388
8949.2s 425 [2200]	validation_0-auc:0.96397
8985.7s 426 [2400]	validation_0-auc:0.96402
9022.6s 427 [2600]	validation_0-auc:0.96404
9059.0s 428 [2800]	validation_0-auc:0.96405
9096.1s 429 [3000]	validation_0-auc:0.96405
9111.5s 430 [3085]	validation_0-auc:0.96405
9133.7s 431 ===== fold 5/5: missing-mask augmentation =====
9143.8s 432 [0]	validation_0-auc:0.93479
9193.2s 433 [200]	validation_0-auc:0.94781
9236.4s 434 [400]	validation_0-auc:0.95615
9279.4s 435 [600]	validation_0-auc:0.95982
9321.6s 436 [800]	validation_0-auc:0.96157
9363.8s 437 [1000]	validation_0-auc:0.96248
9405.6s 438 [1200]	validation_0-auc:0.96303
9447.8s 439 [1400]	validation_0-auc:0.96341
9489.4s 440 [1600]	validation_0-auc:0.96370
9531.0s 441 [1800]	validation_0-auc:0.96387
9572.7s 442 [2000]	validation_0-auc:0.96403
9614.5s 443 [2200]	validation_0-auc:0.96410
9656.2s 444 [2400]	validation_0-auc:0.96414
9698.1s 445 [2600]	validation_0-auc:0.96417
9739.9s 446 [2800]	validation_0-auc:0.96420
9781.5s 447 [3000]	validation_0-auc:0.96422
9817.5s 448 [3174]	validation_0-auc:0.96421
9840.5s 449 fold 5: native_auc=0.9629617, semantic_auc=0.9637412, xgb_auc=0.9640624, robust_auc=0.9642273, delta=+0.0001649
9857.6s 450 
9857.6s 451 V7 complete
9857.6s 452 {
9857.6s 453 "version": "v7",
9857.6s 454 "native_oof_auc": 0.9638653994802935,
9857.6s 455 "semantic_oof_auc": 0.964505100065119,
9857.6s 456 "xgb_oof_auc": 0.9650292227469464,
9857.6s 457 "missing_robust_xgb_oof_auc": 0.9650884840666882,
9857.6s 458 "missing_robust_xgb_gain": 5.926131974187676e-05,
9857.6s 459 "xgb_drift_weighted_auc": 0.9652314381843573,
9857.6s 460 "missing_robust_xgb_drift_weighted_auc": 0.9652957375662845,
9857.6s 461 "missing_robust_xgb_drift_gain": 6.429938192720197e-05,
9857.6s 462 "xgb_heavy_missing_auc": 0.9508739479240258,
9857.6s 463 "missing_robust_xgb_heavy_missing_auc": 0.9511083928273838,
9857.6s 464 "missing_robust_xgb_heavy_missing_gain": 0.00023444490335799983,
9857.6s 465 "missing_robust_positive_folds": 5,
9857.6s 466 "model_accepted": false,
9857.6s 467 "fixed_v3_oof_auc": 0.965185245959496,
9857.6s 468 "fixed_v3_drift_weighted_auc": 0.9653870573332556,
9857.6s 469 "selected_oof_auc": 0.965185245959496,
9857.6s 470 "selected_drift_weighted_auc": 0.9653870573332556,
9857.6s 471 "selected_robust_weight": 0.0,
9857.6s 472 "blend_accepted": false,
9857.6s 473 "selection_reason": "strict CV fallback to fixed V3 blend",
9857.6s 474 "v3_weights": {
9857.6s 475 "native": 0.1,
9857.6s 476 "semantic": 0.25,
9857.6s 477 "xgboost": 0.65
9857.6s 478 },
9857.6s 479 "augmentation_fraction": 0.4,
9857.6s 480 "augmentation_weight": 0.35,
9857.6s 481 "guardrails": {
9857.6s 482 "min_oof_gain": 0.00015,
9857.6s 483 "min_weighted_gain": 0.00015,
9857.6s 484 "min_positive_folds": 4,
9857.6s 485 "min_heavy_missing_gain": 0.0001
9857.6s 486 },
9857.6s 487 "folds": 5,
9857.6s 488 "seed": 2026,
9857.6s 489 "native_estimators": 3000,
9857.6s 490 "semantic_estimators": 4500,
9857.6s 491 "native_early_stopping": 150,
9857.6s 492 "semantic_early_stopping": 200,
9857.6s 493 "xgb_estimators": 3500,
9857.6s 494 "xgb_early_stopping": 200,
9857.6s 495 "xgb_device": "cpu",
9857.6s 496 "elapsed_minutes": 163.980400176843,
9857.6s 497 "submission_path": "/kaggle/working/submission.csv"
9857.6s 498 }
9861.6s 499 /usr/local/lib/python3.12/dist-packages/mistune.py:435: SyntaxWarning: invalid escape sequence '\|'
9861.6s 500 cells[i][c] = re.sub('\\\\\|', '|', cell)
9861.8s 501 /usr/local/lib/python3.12/dist-packages/nbconvert/filters/filter_links.py:36: SyntaxWarning: invalid escape sequence '\_'
9861.8s 502 text = re.sub(r'_', '\_', text) # Escape underscores in display text
9862.7s 503 [NbConvertApp] Converting notebook __notebook__.ipynb to notebook
9863.1s 504 [NbConvertApp] Writing 76742 bytes to __notebook__.ipynb
9866.4s 505 [NbConvertApp] Converting notebook __notebook__.ipynb to html
9867.6s 506 [NbConvertApp] Writing 470254 bytes to __results__.html